t1: 37 ticks in A, 37 ticks in B|all compared ticks identical|
t2: 37 ticks in A, 37 ticks in B|all compared ticks identical|
t3: 37 ticks in A, 37 ticks in B|all compared ticks identical|
t4: 37 ticks in A, 37 ticks in B|all compared ticks identical|
t5: 37 ticks in A, 37 ticks in B|all compared ticks identical|
t6: 2 ticks in A, 1 ticks in B|all compared ticks identical|
t7: 105669 ticks in A, 2 ticks in B|tick 1: frame A 822 / B 1019: 25 bytes differ|   $012ddf (+1): A=00 B=09|   $012de1 (+3): A=00 B=90|   $012de5 (+7): A=00 B=09|   $012de7 (+9): A=00 B=90|   $012deb (+d): A=00 B=09|   $012ded (+f): A=00 B=90|   $012df1 (+13): A=00 B=09|   $012df3 (+15): A=00 B=90|   $012df7 (+19): A=00 B=09|   $012df9 (+1b): A=00 B=90|   $012e0f (+31): A=01 B=02|   $012e17 (+39): A=00 B=07|   $012e1b (+3d): A=00 B=0b|   $012e27 (+49): A=00 B=01|   $012e2d (+4f): A=00 B=01|   $012e2e (+50): A=00 B=23|   $012e2f (+51): A=00 B=45|   $012e30 (+52): A=00 B=80|   $012e3e (+60): A=13 B
bp counts differ:
   2 BP 017000	   1 BP 000566
   2 BP 017068	   1 BP 00253c
   2 BP 0170f4	   2 BP 00f890
  37 BP 017118	   2 BP 00f904
   1 BP 017604	   2 BP 00f908
   1 BP 01764e	   2 BP 00f90c
105669 BP 01770e	   2 BP 00f912
   2 BP 01771c	   2 BP 00f95a
   1 BP 017c0a	   2 BP 00f95e
	   2 BP 00f96c
	   2 BP 00f98a
	   2 BP 00fbec
	   2 BP 00fcb6
	   2 BP 00fcc8
	   2 BP 00fd1a
	   1 BP 00fee8
	   5 BP 010416
	   5 BP 010426
	   2 BP 01058a
	   2 BP 010656
	  12 BP 01070c
	  12 BP 010732
	   2 BP 01084a
	 119 BP 0108a0
	 119 BP 0108bc
	 119 BP 010906
	 119 BP 01093c
	 119 BP 010956
	2710 BP 010eac
	   2 BP 011076
	   2 BP 01108a
	   2 BP 01108e
	   2 BP 0110aa
	   2 BP 0110ae
	   2 BP 0110ba
	   2 BP 0110d0
	   2 BP 0110d4
	   2 BP 0110e8
	   3 BP 017000
	   1 BP 017068
	   1 BP 0170f4
	  37 BP 017118
	  69 BP 017186
	   1 BP 017604
	   1 BP 01764e
	   2 BP 01770e
	   2 BP 01771c
	   1 BP 017c0a
	   1 BP 076148
	   1 BP 076198
	   1 BP 0761dc
