t1: 863 ticks in A, 863 ticks in B|all compared ticks identical|
t2: 863 ticks in A, 863 ticks in B|tick 38: frame A 963 / B 962: 1 bytes differ|   $012e49 (+6b): A=27 B=28|tick 46: frame A 971 / B 970: 1 bytes differ|   $012e49 (+6b): A=1f B=20|tick 69: frame A 995 / B 994: 1 bytes differ|   $012e49 (+6b): A=07 B=08|
t3: 863 ticks in A, 863 ticks in B|all compared ticks identical|
t4: 863 ticks in A, 863 ticks in B|all compared ticks identical|
t5: 863 ticks in A, 863 ticks in B|all compared ticks identical|
t6: 2 ticks in A, 2 ticks in B|all compared ticks identical|
t7: 53149 ticks in A, 2 ticks in B|tick 1: frame A 822 / B 1444: 29 bytes differ|   $012ddf (+1): A=00 B=09|   $012de1 (+3): A=00 B=3f|   $012de3 (+5): A=00 B=04|   $012de5 (+7): A=00 B=09|   $012de7 (+9): A=00 B=90|   $012deb (+d): A=00 B=09|   $012ded (+f): A=00 B=90|   $012df1 (+13): A=00 B=09|   $012df3 (+15): A=00 B=90|   $012df7 (+19): A=00 B=09|   $012df9 (+1b): A=00 B=90|   $012dff (+21): A=de B=e4|   $012e01 (+23): A=00 B=01|   $012e0c (+2e): A=90 B=70|   $012e0f (+31): A=01 B=02|   $012e11 (+33): A=01 B=02|   $012e17 (+39): A=00 B=05|   $012e18 (+3a): A=ff B=00|   $012e19 (+3b): A=ff B=0
bp counts differ:
   1 BP 017000	   1 BP 000566
   2 BP 017068	  65 BP 001a5c
   2 BP 0170f4	 943 BP 001e46
 863 BP 017118	   1 BP 00253c
   2 BP 017604	   1 BP 00f890
   2 BP 01764e	   1 BP 00f904
53149 BP 01770e	   1 BP 00f908
   2 BP 01771c	   1 BP 00f90c
 722 BP 0179fa	   1 BP 00f912
   1 BP 017e96	   1 BP 00f95a
	   1 BP 00f95e
	   1 BP 00f96c
	   1 BP 00f98a
	   1 BP 00fbec
	   1 BP 00fcb6
	   1 BP 00fcc8
	   1 BP 00fd1a
	   2 BP 010416
	   2 BP 010426
	   2 BP 01058a
	  10 BP 010656
	  16 BP 01070c
	  16 BP 010732
	   2 BP 01084a
	 887 BP 0108a0
	 887 BP 0108bc
	 887 BP 010906
	 887 BP 01093c
	 887 BP 010956
	 465 BP 010ad6
	 861 BP 010ae2
	 862 BP 010b14
	  26 BP 010bcc
	   6 BP 010c00
	 170 BP 010c50
	 340 BP 010ca0
	1810 BP 010eac
	   1 BP 011076
	   1 BP 01108a
	   1 BP 01108e
	   1 BP 0110aa
	   1 BP 0110ae
	   1 BP 0110ba
	   1 BP 0110d0
	   1 BP 0110d4
	   1 BP 0110e8
	   2 BP 017000
	   2 BP 017068
	   2 BP 0170f4
	 863 BP 017118
	   2 BP 017604
	   2 BP 01764e
	   2 BP 01770e
	   2 BP 01771c
	   1 BP 017e96
	   1 BP 076148
	   1 BP 076198
	   1 BP 0761dc
