t1: 433 ticks in A, 433 ticks in B|all compared ticks identical|
t2: 433 ticks in A, 433 ticks in B|tick 22: frame A 947 / B 946: 1 bytes differ|   $012e49 (+6b): A=05 B=06|tick 64: frame A 989 / B 988: 1 bytes differ|   $012e49 (+6b): A=0d B=0e|tick 79: frame A 1004 / B 1003: 1 bytes differ|   $012e49 (+6b): A=30 B=31|
t3: 433 ticks in A, 433 ticks in B|all compared ticks identical|
t4: 433 ticks in A, 433 ticks in B|all compared ticks identical|
t5: 433 ticks in A, 433 ticks in B|all compared ticks identical|
t6: 2 ticks in A, 2 ticks in B|all compared ticks identical|
t7: 160827 ticks in A, 3 ticks in B|tick 1: frame A 822 / B 1207: 26 bytes differ|   $012ddf (+1): A=00 B=05|   $012de1 (+3): A=00 B=90|   $012de3 (+5): A=00 B=04|   $012de5 (+7): A=00 B=09|   $012de7 (+9): A=00 B=90|   $012deb (+d): A=00 B=09|   $012ded (+f): A=00 B=90|   $012df1 (+13): A=00 B=09|   $012df3 (+15): A=00 B=90|   $012df7 (+19): A=00 B=09|   $012df9 (+1b): A=00 B=90|   $012dff (+21): A=de B=e4|   $012e01 (+23): A=00 B=01|   $012e0c (+2e): A=90 B=70|   $012e0f (+31): A=01 B=0f|   $012e17 (+39): A=00 B=07|   $012e1b (+3d): A=00 B=09|   $012e27 (+49): A=00 B=01|   $012e30 (+52): A=00 B=
bp counts differ:
   1 BP 017000	   1 BP 000566
   2 BP 017068	  51 BP 001a5c
   2 BP 0170f4	 893 BP 001e46
 433 BP 017118	   1 BP 00253c
   2 BP 017604	   1 BP 00f890
   2 BP 01764e	   1 BP 00f904
160827 BP 01770e	   1 BP 00f908
   3 BP 01771c	   1 BP 00f90c
 273 BP 0179fa	   1 BP 00f912
   1 BP 017e96	   1 BP 00f95a
   1 BP 017f18	   1 BP 00f95e
	   1 BP 00f96c
	   1 BP 00f98a
	   1 BP 00fbec
	   1 BP 00fcb6
	   1 BP 00fcc8
	   1 BP 00fd1a
	   1 BP 00fee8
	   3 BP 010416
	   3 BP 010426
	   2 BP 01058a
	  11 BP 010656
	  14 BP 01070c
	  14 BP 010732
	   2 BP 01084a
	 473 BP 0108a0
	 473 BP 0108bc
	 473 BP 010906
	 473 BP 01093c
	 473 BP 010956
	 627 BP 010ad6
	 431 BP 010ae2
	 433 BP 010b14
	  20 BP 010bcc
	   7 BP 010c00
	  31 BP 010c50
	  56 BP 010ca0
	1710 BP 010eac
	   1 BP 011076
	   1 BP 01108a
	   1 BP 01108e
	   1 BP 0110aa
	   1 BP 0110ae
	   1 BP 0110ba
	   1 BP 0110d0
	   1 BP 0110d4
	   1 BP 0110e8
	   2 BP 017000
	   2 BP 017068
	   2 BP 0170f4
	 433 BP 017118
	   2 BP 017604
	   2 BP 01764e
	   3 BP 01770e
	   3 BP 01771c
	   1 BP 017e96
	   1 BP 017f18
	   1 BP 076148
	   1 BP 076198
	   1 BP 0761dc
