t1: 5974 ticks in A, 5974 ticks in B|all compared ticks identical|
t2: 5974 ticks in A, 5974 ticks in B|tick 41: frame A 966 / B 965: 1 bytes differ|   $012e49 (+6b): A=24 B=25|tick 83: frame A 1008 / B 1007: 1 bytes differ|   $012e49 (+6b): A=2c B=2d|tick 123: frame A 1048 / B 1047: 1 bytes differ|   $012e49 (+6b): A=04 B=05|
t3: 5974 ticks in A, 5974 ticks in B|all compared ticks identical|
t4: 5974 ticks in A, 5974 ticks in B|tick 1078: frame A 2003 / B 2002: 1 bytes differ|   $017227 (+1): A=38 B=39|tick 3378: frame A 4303 / B 4302: 1 bytes differ|   $017227 (+1): A=52 B=53|
t5: 5974 ticks in A, 5974 ticks in B|all compared ticks identical|
t6: 1 ticks in A, 1 ticks in B|all compared ticks identical|
t7: 122281 ticks in A, 2 ticks in B|tick 1: frame A 822 / B 7044: 17 bytes differ|   $012ddf (+1): A=00 B=09|   $012de1 (+3): A=00 B=90|   $012de5 (+7): A=00 B=09|   $012de7 (+9): A=00 B=90|   $012deb (+d): A=00 B=09|   $012ded (+f): A=00 B=90|   $012df1 (+13): A=00 B=09|   $012df3 (+15): A=00 B=90|   $012df7 (+19): A=00 B=09|   $012df9 (+1b): A=00 B=90|   $012e30 (+52): A=00 B=80|   $012e3e (+60): A=13 B=76|   $012e46 (+68): A=00 B=ff|   $012e48 (+6a): A=ff B=00|   $012e49 (+6b): A=ff B=08|   $012e4a (+6c): A=00 B=59|   $012e4b (+6d): A=00 B=58|
bp counts differ:
   1 BP 017000	   1 BP 000566
   1 BP 017068	 204 BP 001a5c
   1 BP 0170f4	1636 BP 001e46
5974 BP 017118	   1 BP 00253c
   1 BP 01718a	   1 BP 00f890
   1 BP 017604	   1 BP 00f904
   1 BP 01764e	   1 BP 00f908
122281 BP 01770e	   1 BP 00f90c
   2 BP 01771c	   1 BP 00f912
5974 BP 0179fa	   1 BP 00f95a
	   1 BP 00f95e
	   1 BP 00f96c
	   1 BP 00f98a
	   1 BP 00fbec
	   1 BP 00fcb6
	   1 BP 00fcc8
	   1 BP 00fd1a
	   1 BP 00fee8
	   3 BP 010416
	   3 BP 010426
	   1 BP 01058a
	   1 BP 010656
	  37 BP 01070c
	  37 BP 010732
	   1 BP 01084a
	5994 BP 0108a0
	5994 BP 0108bc
	5994 BP 010906
	5994 BP 01093c
	5994 BP 010956
	 672 BP 010ad6
	5974 BP 010ae2
	5974 BP 010b14
	 498 BP 010bcc
	   5 BP 010c00
	 219 BP 010c50
	 438 BP 010ca0
	7210 BP 010eac
	   1 BP 011076
	   1 BP 01108a
	   1 BP 01108e
	   1 BP 0110aa
	   1 BP 0110ae
	   1 BP 0110ba
	   1 BP 0110d0
	   1 BP 0110d4
	   1 BP 0110e8
	   2 BP 017000
	   1 BP 017068
	   1 BP 0170f4
	5974 BP 017118
	   1 BP 01718a
	   1 BP 017604
	   1 BP 01764e
	   2 BP 01770e
	   2 BP 01771c
	   1 BP 076148
	   1 BP 076198
	   1 BP 0761dc
