t1: 1619 ticks in A, 1619 ticks in B|all compared ticks identical|
t2: 1619 ticks in A, 1619 ticks in B|tick 818: frame A 1895 / B 1894: 1 bytes differ|   $012e49 (+6b): A=07 B=08|tick 837: frame A 1914 / B 1913: 1 bytes differ|   $012e49 (+6b): A=26 B=27|tick 864: frame A 1941 / B 1940: 1 bytes differ|   $012e49 (+6b): A=0b B=0c|
t3: 1619 ticks in A, 1619 ticks in B|all compared ticks identical|
t4: 1619 ticks in A, 1619 ticks in B|all compared ticks identical|
t5: 1619 ticks in A, 1619 ticks in B|all compared ticks identical|
t6: 16 ticks in A, 16 ticks in B|all compared ticks identical|
t7: 63785 ticks in A, 2 ticks in B|tick 1: frame A 822 / B 2682: 27 bytes differ|   $012ddf (+1): A=00 B=04|   $012de1 (+3): A=00 B=90|   $012de3 (+5): A=00 B=04|   $012de5 (+7): A=00 B=09|   $012de7 (+9): A=00 B=90|   $012deb (+d): A=00 B=09|   $012ded (+f): A=00 B=90|   $012df1 (+13): A=00 B=09|   $012df3 (+15): A=00 B=90|   $012df7 (+19): A=00 B=09|   $012df9 (+1b): A=00 B=90|   $012dff (+21): A=de B=e4|   $012e01 (+23): A=00 B=01|   $012e05 (+27): A=00 B=01|   $012e0c (+2e): A=90 B=70|   $012e0f (+31): A=01 B=0e|   $012e17 (+39): A=00 B=07|   $012e1b (+3d): A=00 B=09|   $012e27 (+49): A=00 B=0
bp counts differ:
   1 BP 017000	   1 BP 000566
   2 BP 017068	 104 BP 001a5c
  16 BP 0170f4	1090 BP 001e46
1619 BP 017118	   1 BP 00253c
  16 BP 017604	   1 BP 00f890
  16 BP 01764e	   1 BP 00f904
63785 BP 01770e	   1 BP 00f908
   2 BP 01771c	   1 BP 00f90c
1518 BP 0179fa	   1 BP 00f912
   1 BP 017e96	   1 BP 00f95a
	   1 BP 00f95e
	   1 BP 00f96c
	   1 BP 00f98a
	   1 BP 00fbec
	   1 BP 00fcb6
	   1 BP 00fcc8
	   1 BP 00fd1a
	   2 BP 010416
	   2 BP 010426
	   2 BP 01058a
	   8 BP 010656
	  27 BP 01070c
	  27 BP 010732
	   2 BP 01084a
	1686 BP 0108a0
	1686 BP 0108bc
	1686 BP 010906
	1686 BP 01093c
	1686 BP 010956
	 508 BP 010ad6
	1603 BP 010ae2
	1618 BP 010b14
	 132 BP 010bcc
	   6 BP 010c00
	  54 BP 010c50
	 103 BP 010ca0
	2810 BP 010eac
	   1 BP 011076
	   1 BP 01108a
	   1 BP 01108e
	   1 BP 0110aa
	   1 BP 0110ae
	   1 BP 0110ba
	   1 BP 0110d0
	   1 BP 0110d4
	   1 BP 0110e8
	   2 BP 017000
	   2 BP 017068
	  16 BP 0170f4
	1619 BP 017118
	  16 BP 017604
	  16 BP 01764e
	   2 BP 01770e
	   2 BP 01771c
	   1 BP 017e96
	   1 BP 076148
	   1 BP 076198
	   1 BP 0761dc
