t1: 129 ticks in A, 129 ticks in B|all compared ticks identical|
t2: 129 ticks in A, 129 ticks in B|tick 22: frame A 947 / B 946: 1 bytes differ|   $012e49 (+6b): A=05 B=06|tick 62: frame A 987 / B 986: 1 bytes differ|   $012e49 (+6b): A=0f B=10|tick 106: frame A 1031 / B 1030: 1 bytes differ|   $012e49 (+6b): A=15 B=16|
t3: 129 ticks in A, 129 ticks in B|all compared ticks identical|
t4: 129 ticks in A, 129 ticks in B|all compared ticks identical|
t5: 129 ticks in A, 129 ticks in B|all compared ticks identical|
t6: 1 ticks in A, 1 ticks in B|all compared ticks identical|
t7: 122277 ticks in A, 2 ticks in B|tick 1: frame A 822 / B 1193: 26 bytes differ|   $012ddf (+1): A=00 B=09|   $012de1 (+3): A=00 B=90|   $012de3 (+5): A=00 B=03|   $012de5 (+7): A=00 B=09|   $012de7 (+9): A=00 B=90|   $012deb (+d): A=00 B=09|   $012ded (+f): A=00 B=90|   $012df1 (+13): A=00 B=09|   $012df3 (+15): A=00 B=90|   $012df7 (+19): A=00 B=09|   $012df9 (+1b): A=00 B=90|   $012e0c (+2e): A=90 B=78|   $012e11 (+33): A=01 B=02|   $012e17 (+39): A=00 B=06|   $012e18 (+3a): A=ff B=00|   $012e19 (+3b): A=ff B=01|   $012e1b (+3d): A=00 B=0a|   $012e27 (+49): A=00 B=01|   $012e30 (+52): A=00 B=
bp counts differ:
   1 BP 017000	   1 BP 000566
   1 BP 017068	   1 BP 00253c
   1 BP 0170f4	   2 BP 00f890
 129 BP 017118	   2 BP 00f904
   1 BP 01718a	   2 BP 00f908
   1 BP 017604	   2 BP 00f90c
   1 BP 01764e	   2 BP 00f912
122277 BP 01770e	   2 BP 00f95a
   2 BP 01771c	   2 BP 00f95e
	   2 BP 00f96c
	   1 BP 00f98a
	   1 BP 00fbec
	   1 BP 00fcb6
	   1 BP 00fcc8
	   1 BP 00fd1a
	   1 BP 00fee8
	   4 BP 010416
	   4 BP 010426
	   1 BP 01058a
	   4 BP 010656
	   6 BP 01070c
	   6 BP 010732
	   1 BP 01084a
	 149 BP 0108a0
	 149 BP 0108bc
	 149 BP 010906
	 149 BP 01093c
	 149 BP 010956
	1408 BP 010eac
	   1 BP 011076
	   1 BP 01108a
	   1 BP 01108e
	   1 BP 0110aa
	   1 BP 0110ae
	   1 BP 0110ba
	   1 BP 0110d0
	   1 BP 0110d4
	   1 BP 0110e8
	   2 BP 017000
	   1 BP 017068
	   1 BP 0170f4
	 129 BP 017118
	   1 BP 01718a
	   1 BP 017604
	   1 BP 01764e
	   2 BP 01770e
	   2 BP 01771c
	   1 BP 076148
	   1 BP 076198
	   1 BP 0761dc
