t1: 1112 ticks in A, 1113 ticks in B|tick 317: frame A 1330 / B 1331: 2 bytes differ|   $057e27 (+5): A=00 B=02|   $057e32 (+10): A=00 B=11|tick 318: frame A 1331 / B 1332: 4 bytes differ|   $057e27 (+5): A=02 B=04|   $057f49 (+127): A=00 B=02|   $057f5d (+13b): A=5d B=32|   $057f5f (+13d): A=00 B=02|tick 319: frame A 1332 / B 1333: 3 bytes differ|   $057e27 (+5): A=04 B=06|   $057f49 (+127): A=02 B=04|   $057f5f (+13d): A=02 B=04|
t2: 1112 ticks in A, 1113 ticks in B|tick 30: frame A 955 / B 954: 1 bytes differ|   $012e49 (+6b): A=2f B=30|tick 34: frame A 959 / B 958: 1 bytes differ|   $012e49 (+6b): A=2b B=2c|tick 38: frame A 963 / B 962: 1 bytes differ|   $012e49 (+6b): A=27 B=28|
t3: 1112 ticks in A, 1113 ticks in B|tick 317: frame A 1330 / B 1331: 1 bytes differ|   $019013 (+f7): A=32 B=31|tick 318: frame A 1331 / B 1332: 2 bytes differ|   $019013 (+f7): A=31 B=30|   $019015 (+f9): A=32 B=31|tick 319: frame A 1332 / B 1333: 2 bytes differ|   $019013 (+f7): A=30 B=2f|   $019015 (+f9): A=31 B=30|
t4: 1112 ticks in A, 1113 ticks in B|tick 339: frame A 1352 / B 1353: 1 bytes differ|   $017227 (+1): A=52 B=51|tick 388: frame A 1402 / B 1403: 1 bytes differ|   $017227 (+1): A=51 B=50|tick 438: frame A 1452 / B 1453: 1 bytes differ|   $017227 (+1): A=50 B=49|
t5: 1112 ticks in A, 1113 ticks in B|all compared ticks identical|
t6: 15 ticks in A, 15 ticks in B|tick 6: frame A 1663 / B 1664: 6 bytes differ|   $012e0f (+31): A=0b B=01|   $012e11 (+33): A=01 B=02|   $012e17 (+39): A=07 B=06|   $012e18 (+3a): A=ff B=00|   $012e19 (+3b): A=ff B=01|   $012e49 (+6b): A=27 B=26|tick 7: frame A 1726 / B 1726: 5 bytes differ|   $012e0f (+31): A=07 B=01|   $012e17 (+39): A=07 B=04|   $012e1d (+3f): A=00 B=08|   $012e27 (+49): A=01 B=02|   $012e2e (+50): A=12 B=15|tick 8: frame A 1804 / B 1804: 5 bytes differ|   $012e17 (+39): A=00 B=05|   $012e1b (+3d): A=00 B=07|   $012e27 (+49): A=00 B=01|   $012e2e (+50): A=12 B=15|   $012e42 (+
t7: 155518 ticks in A, 2 ticks in B|tick 1: frame A 822 / B 2344: 26 bytes differ|   $012de1 (+3): A=00 B=40|   $012de3 (+5): A=00 B=03|   $012de5 (+7): A=00 B=09|   $012de7 (+9): A=00 B=90|   $012deb (+d): A=00 B=09|   $012ded (+f): A=00 B=90|   $012df1 (+13): A=00 B=09|   $012df3 (+15): A=00 B=90|   $012df7 (+19): A=00 B=09|   $012df9 (+1b): A=00 B=90|   $012e0c (+2e): A=90 B=78|   $012e11 (+33): A=01 B=02|   $012e17 (+39): A=00 B=06|   $012e18 (+3a): A=ff B=00|   $012e19 (+3b): A=ff B=01|   $012e1b (+3d): A=00 B=0f|   $012e1d (+3f): A=00 B=0f|   $012e27 (+49): A=00 B=02|   $012e2e (+50): A=00 B
bp counts differ:
   1 BP 017000	   1 BP 000566
   1 BP 017068	 163 BP 001a5c
  15 BP 0170f4	2507 BP 001e46
1112 BP 017118	   1 BP 00253c
  15 BP 017604	   2 BP 00f890
  15 BP 01764e	   2 BP 00f904
155518 BP 01770e	   2 BP 00f908
   2 BP 01771c	   2 BP 00f90c
   1 BP 017c0a	   2 BP 00f912
	   2 BP 00f95a
	   2 BP 00f95e
	   2 BP 00f96c
	   2 BP 00f98a
	   2 BP 00fbec
	   2 BP 00fcb6
	   2 BP 00fcc8
	   1 BP 00fd1a
	   1 BP 00fee8
	   5 BP 010416
	   5 BP 010426
	   1 BP 01058a
	   4 BP 010656
	  41 BP 01070c
	  39 BP 010732
	   1 BP 01084a
	1158 BP 0108a0
	1158 BP 0108bc
	1158 BP 010906
	1158 BP 01093c
	1158 BP 010956
	3810 BP 010eac
	   2 BP 011076
	   2 BP 01108a
	   2 BP 01108e
	   2 BP 0110aa
	   2 BP 0110ae
	   2 BP 0110ba
	   2 BP 0110d0
	   2 BP 0110d4
	   2 BP 0110e8
	   2 BP 017000
	   1 BP 017068
	  15 BP 0170f4
	1113 BP 017118
	  15 BP 017604
	  15 BP 01764e
	   2 BP 01770e
	   2 BP 01771c
	   1 BP 017c0a
	   1 BP 076148
	   1 BP 076198
	   1 BP 0761dc
