t1: 1112 ticks in A, 1112 ticks in B|all compared ticks identical|
t2: 1112 ticks in A, 1112 ticks in B|tick 30: frame A 955 / B 954: 1 bytes differ|   $012e49 (+6b): A=2f B=30|tick 34: frame A 959 / B 958: 1 bytes differ|   $012e49 (+6b): A=2b B=2c|tick 38: frame A 963 / B 962: 1 bytes differ|   $012e49 (+6b): A=27 B=28|
t3: 1112 ticks in A, 1112 ticks in B|all compared ticks identical|
t4: 1112 ticks in A, 1112 ticks in B|all compared ticks identical|
t5: 1112 ticks in A, 1112 ticks in B|all compared ticks identical|
t6: 15 ticks in A, 15 ticks in B|all compared ticks identical|
t7: 155518 ticks in A, 2 ticks in B|tick 1: frame A 822 / B 2344: 27 bytes differ|   $012de1 (+3): A=00 B=40|   $012de3 (+5): A=00 B=03|   $012de5 (+7): A=00 B=09|   $012de7 (+9): A=00 B=90|   $012deb (+d): A=00 B=09|   $012ded (+f): A=00 B=90|   $012df1 (+13): A=00 B=09|   $012df3 (+15): A=00 B=90|   $012df7 (+19): A=00 B=09|   $012df9 (+1b): A=00 B=90|   $012e0c (+2e): A=90 B=78|   $012e11 (+33): A=01 B=02|   $012e17 (+39): A=00 B=06|   $012e18 (+3a): A=ff B=00|   $012e19 (+3b): A=ff B=01|   $012e1b (+3d): A=00 B=0f|   $012e1d (+3f): A=00 B=0f|   $012e27 (+49): A=00 B=02|   $012e2e (+50): A=00 B
bp counts differ:
   1 BP 017000	   1 BP 000566
   1 BP 017068	 160 BP 001a5c
  15 BP 0170f4	2475 BP 001e46
1112 BP 017118	   1 BP 00253c
  15 BP 017604	   2 BP 00f890
  15 BP 01764e	   2 BP 00f904
155518 BP 01770e	   2 BP 00f908
   2 BP 01771c	   2 BP 00f90c
1052 BP 0179fa	   2 BP 00f912
   1 BP 017c0a	   2 BP 00f95a
	   2 BP 00f95e
	   2 BP 00f96c
	   2 BP 00f98a
	   2 BP 00fbec
	   2 BP 00fcb6
	   2 BP 00fcc8
	   1 BP 00fd1a
	   1 BP 00fee8
	   5 BP 010416
	   5 BP 010426
	   1 BP 01058a
	   4 BP 010656
	  40 BP 01070c
	  38 BP 010732
	   1 BP 01084a
	1158 BP 0108a0
	1158 BP 0108bc
	1158 BP 010906
	1158 BP 01093c
	1158 BP 010956
	1562 BP 010ad6
	1097 BP 010ae2
	1112 BP 010b14
	  97 BP 010bcc
	   8 BP 010c00
	 118 BP 010c50
	 227 BP 010ca0
	3810 BP 010eac
	   2 BP 011076
	   2 BP 01108a
	   2 BP 01108e
	   2 BP 0110aa
	   2 BP 0110ae
	   2 BP 0110ba
	   2 BP 0110d0
	   2 BP 0110d4
	   2 BP 0110e8
	   2 BP 017000
	   1 BP 017068
	  15 BP 0170f4
	1112 BP 017118
	  15 BP 017604
	  15 BP 01764e
	   2 BP 01770e
	   2 BP 01771c
	   1 BP 017c0a
	   1 BP 076148
	   1 BP 076198
	   1 BP 0761dc
