t1: 401 ticks in A, 401 ticks in B|all compared ticks identical|
t2: 401 ticks in A, 401 ticks in B|all compared ticks identical|
t3: 401 ticks in A, 401 ticks in B|all compared ticks identical|
t4: 401 ticks in A, 401 ticks in B|all compared ticks identical|
t5: 401 ticks in A, 401 ticks in B|all compared ticks identical|
t6: 1 ticks in A, 1 ticks in B|all compared ticks identical|
t7: 379347 ticks in A, 2 ticks in B|tick 1: frame A 822 / B 1407: 25 bytes differ|   $012ddf (+1): A=00 B=09|   $012de1 (+3): A=00 B=90|   $012de3 (+5): A=00 B=04|   $012de5 (+7): A=00 B=09|   $012de7 (+9): A=00 B=90|   $012deb (+d): A=00 B=09|   $012ded (+f): A=00 B=90|   $012df1 (+13): A=00 B=09|   $012df3 (+15): A=00 B=90|   $012df7 (+19): A=00 B=09|   $012df9 (+1b): A=00 B=90|   $012dff (+21): A=de B=e4|   $012e01 (+23): A=00 B=01|   $012e0c (+2e): A=90 B=70|   $012e0f (+31): A=01 B=03|   $012e17 (+39): A=00 B=07|   $012e1b (+3d): A=00 B=09|   $012e27 (+49): A=00 B=01|   $012e30 (+52): A=00 B=
bp counts differ:
   1 BP 017000	   1 BP 000566
   1 BP 017068	  31 BP 001a5c
   1 BP 0170f4	 688 BP 001e46
 401 BP 017118	   1 BP 00253c
   1 BP 017604	   1 BP 00f890
   1 BP 01764e	   1 BP 00f904
379347 BP 01770e	   1 BP 00f908
   1 BP 01771c	   1 BP 00f90c
   1 BP 017e96	   1 BP 00f912
	   1 BP 00f95a
	   1 BP 00f95e
	   1 BP 00f96c
	   1 BP 00f98a
	   1 BP 00fbec
	   1 BP 00fcb6
	   1 BP 00fcc8
	   1 BP 00fd1a
	   2 BP 010416
	   2 BP 010426
	   1 BP 01058a
	   6 BP 010656
	   7 BP 01070c
	   7 BP 010732
	   1 BP 01084a
	 421 BP 0108a0
	 421 BP 0108bc
	 421 BP 010906
	 421 BP 01093c
	 421 BP 010956
	1810 BP 010eac
	   1 BP 011076
	   1 BP 01108a
	   1 BP 01108e
	   1 BP 0110aa
	   1 BP 0110ae
	   1 BP 0110ba
	   1 BP 0110d0
	   1 BP 0110d4
	   1 BP 0110e8
	   2 BP 017000
	   1 BP 017068
	   1 BP 0170f4
	 401 BP 017118
	   1 BP 017604
	   1 BP 01764e
	   2 BP 01770e
	   1 BP 01771c
	   1 BP 017e96
	   1 BP 076148
	   1 BP 076198
	   1 BP 0761dc
