t1: 2441 ticks in A, 2441 ticks in B|tick 11: frame A 935 / B 935: 1 bytes differ|   $057f5d (+13b): A=5a B=59|tick 12: frame A 936 / B 936: 1 bytes differ|   $057f5d (+13b): A=5a B=59|tick 13: frame A 937 / B 937: 1 bytes differ|   $057f5d (+13b): A=5a B=59|
t2: 2441 ticks in A, 2441 ticks in B|all compared ticks identical|
t3: 2441 ticks in A, 2441 ticks in B|all compared ticks identical|
t4: 2441 ticks in A, 2441 ticks in B|all compared ticks identical|
t5: 2441 ticks in A, 2441 ticks in B|all compared ticks identical|
t6: 26 ticks in A, 26 ticks in B|all compared ticks identical|
t7: 51819 ticks in A, 1 ticks in B|all compared ticks identical|
bp counts differ:
   1 BP 017000	   1 BP 000566
   1 BP 017068	 125 BP 001a5c
  26 BP 0170f4	1123 BP 001e46
2441 BP 017118	   1 BP 00253c
  26 BP 017604	   1 BP 00f890
  26 BP 01764e	   1 BP 00f904
51819 BP 01770e	   1 BP 00f908
   1 BP 01771c	   1 BP 00f90c
	   1 BP 00f912
	   1 BP 00f95a
	   1 BP 00f95e
	   1 BP 00f96c
	   1 BP 00f98a
	   1 BP 00fbec
	   1 BP 00fcb6
	   1 BP 00fcc8
	   1 BP 00fd1a
	   2 BP 010416
	   2 BP 010426
	   1 BP 01058a
	   4 BP 010656
	  30 BP 01070c
	  30 BP 010732
	   1 BP 01084a
	2520 BP 0108a0
	2520 BP 0108bc
	2520 BP 010906
	2520 BP 01093c
	2520 BP 010956
	3710 BP 010eac
	   1 BP 011076
	   1 BP 01108a
	   1 BP 01108e
	   1 BP 0110aa
	   1 BP 0110ae
	   1 BP 0110ba
	   1 BP 0110d0
	   1 BP 0110d4
	   1 BP 0110e8
	   2 BP 017000
	   1 BP 017068
	  26 BP 0170f4
	2441 BP 017118
	  26 BP 017604
	  26 BP 01764e
	   1 BP 01770e
	   1 BP 01771c
	   1 BP 076148
	   1 BP 076198
	   1 BP 0761dc
